// Jest Snapshot v1, https://goo.gl/fbAQLP

exports[`renders list of projects 1`] = `
<table
  className="data zebra new-loading"
  id="projects-management-page-projects"
>
  <thead>
    <tr>
      <th />
      <th>
        Name
      </th>
      <th />
      <th>
        Key
      </th>
      <th
        className="thin nowrap text-right"
      >
        Last Analysis
      </th>
      <th />
    </tr>
  </thead>
  <tbody>
    <ProjectRow
      onApplyTemplateClick={[Function]}
      onProjectCheck={[Function]}
      project={
        Object {
          "key": "a",
          "name": "A",
          "qualifier": "TRK",
          "visibility": "public",
        }
      }
      selected={true}
    />
    <ProjectRow
      onApplyTemplateClick={[Function]}
      onProjectCheck={[Function]}
      project={
        Object {
          "key": "b",
          "name": "B",
          "qualifier": "TRK",
          "visibility": "public",
        }
      }
      selected={false}
    />
  </tbody>
</table>
`;
